// Jest Snapshot v1, https://goo.gl/fbAQLP

exports[`Test Halaman Login Halaman Login Harus sesuai dengan snapshot komponen login 1`] = `
<div
  className="container"
>
  <div
    className="vh-100 align-items-center row-login row"
  >
    <div
      className="d-none d-md-block col-lg-9 col-md-8"
    >
      <img
        alt="Login Illustration"
        className="w-100"
        src="login-illustrator.svg"
      />
    </div>
    <div
      className="col-lg-3 col-md-4"
    >
      <h1
        className="mb-5"
      >
        Login
      </h1>
      <p
        className="mb-4"
      >
        Hai Selemat datang!
        <br />
        Login dulu yuk...
      </p>
      <form
        className=""
        onSubmit={[Function]}
      >
        <div
          className="form-group"
        >
          <input
            className="form-control"
            id="formEmail"
            name="email"
            onChange={[Function]}
            placeholder="Masukkan email"
            required={true}
            type="email"
          />
        </div>
        <div
          className="form-group"
        >
          <input
            className="form-control"
            id="password"
            name="password"
            onChange={[Function]}
            placeholder="Password"
            required={true}
            type="password"
          />
        </div>
        <p>
          Lupa password? 
          <a
            href="./"
          >
            Klik disini
          </a>
        </p>
        <button
          className="mt-5 mb-3 btn btn-primary btn-block"
          disabled={false}
          type="submit"
        >
          Masuk
        </button>
        <p>
          Belum punya akun? 
          <a
            href="./"
          >
            Klik disini
          </a>
        </p>
      </form>
    </div>
  </div>
</div>
`;
